2026-08-05 16:33:30 | INFO     | rest.<module>:10 | Initializing REST Agent
2026-08-05 16:33:30 | INFO     | rest.<module>:18 | REST Agent initialized successfully
2026-08-05 16:33:30 | INFO     | graphql.<module>:10 | Initializing GraphQL Agent
2026-08-05 16:33:30 | INFO     | grpc.<module>:10 | Initializing gRPC Agent
2026-08-05 16:33:30 | INFO     | soap.<module>:10 | Initializing SOAP Agent
2026-08-05 16:33:30 | INFO     | apimanager.<module>:7 | Initializing API Manager
2026-08-05 16:33:30 | INFO     | rdms.<module>:10 | Initializing RDMS Agent
2026-08-05 16:33:30 | INFO     | nosql.<module>:10 | Initializing NoSQL Agent
2026-08-05 16:33:30 | INFO     | redis.<module>:10 | Initializing Redis Agent
2026-08-05 16:33:31 | INFO     | databasemanager.<module>:7 | Initializing Database Manager
2026-08-05 16:33:31 | INFO     | code_review.<module>:9 | Initializing Code Reviewer Agent
2026-08-05 16:48:30 | INFO     | rest.<module>:10 | Initializing REST Agent
2026-08-05 16:48:30 | INFO     | rest.<module>:18 | REST Agent initialized successfully
2026-08-05 16:48:30 | INFO     | graphql.<module>:10 | Initializing GraphQL Agent
2026-08-05 16:48:30 | INFO     | grpc.<module>:10 | Initializing gRPC Agent
2026-08-05 16:48:30 | INFO     | soap.<module>:10 | Initializing SOAP Agent
2026-08-05 16:48:30 | INFO     | apimanager.<module>:7 | Initializing API Manager
2026-08-05 16:48:30 | INFO     | rdms.<module>:10 | Initializing RDMS Agent
2026-08-05 16:48:30 | INFO     | nosql.<module>:10 | Initializing NoSQL Agent
2026-08-05 16:48:30 | INFO     | redis.<module>:10 | Initializing Redis Agent
2026-08-05 16:48:30 | INFO     | databasemanager.<module>:7 | Initializing Database Manager
2026-08-05 16:48:30 | INFO     | code_review.<module>:9 | Initializing Code Reviewer Agent
2026-08-05 16:53:37 | INFO     | rest.<module>:10 | Initializing REST Agent
2026-08-05 16:53:37 | INFO     | rest.<module>:18 | REST Agent initialized successfully
2026-08-05 16:53:37 | INFO     | graphql.<module>:10 | Initializing GraphQL Agent
2026-08-05 16:53:37 | INFO     | grpc.<module>:10 | Initializing gRPC Agent
2026-08-05 16:53:37 | INFO     | soap.<module>:10 | Initializing SOAP Agent
2026-08-05 16:53:37 | INFO     | apimanager.<module>:7 | Initializing API Manager
2026-08-05 16:53:37 | INFO     | rdms.<module>:10 | Initializing RDMS Agent
2026-08-05 16:53:37 | INFO     | nosql.<module>:10 | Initializing NoSQL Agent
2026-08-05 16:53:37 | INFO     | redis.<module>:10 | Initializing Redis Agent
2026-08-05 16:53:37 | INFO     | databasemanager.<module>:7 | Initializing Database Manager
2026-08-05 16:53:37 | INFO     | code_review.<module>:9 | Initializing Code Reviewer Agent
2026-08-05 16:54:46 | INFO     | rest.<module>:10 | Initializing REST Agent
2026-08-05 16:54:46 | INFO     | rest.<module>:18 | REST Agent initialized successfully
2026-08-05 16:54:46 | INFO     | graphql.<module>:10 | Initializing GraphQL Agent
2026-08-05 16:54:46 | INFO     | grpc.<module>:10 | Initializing gRPC Agent
2026-08-05 16:54:46 | INFO     | soap.<module>:10 | Initializing SOAP Agent
2026-08-05 16:54:46 | INFO     | apimanager.<module>:7 | Initializing API Manager
2026-08-05 16:54:46 | INFO     | rdms.<module>:10 | Initializing RDMS Agent
2026-08-05 16:54:46 | INFO     | nosql.<module>:10 | Initializing NoSQL Agent
2026-08-05 16:54:46 | INFO     | redis.<module>:10 | Initializing Redis Agent
2026-08-05 16:54:46 | INFO     | databasemanager.<module>:7 | Initializing Database Manager
2026-08-05 16:54:46 | INFO     | code_review.<module>:9 | Initializing Code Reviewer Agent
2026-08-05 16:54:58 | INFO     | rest.<module>:10 | Initializing REST Agent
2026-08-05 16:54:58 | INFO     | rest.<module>:18 | REST Agent initialized successfully
2026-08-05 16:54:58 | INFO     | graphql.<module>:10 | Initializing GraphQL Agent
2026-08-05 16:54:59 | INFO     | grpc.<module>:10 | Initializing gRPC Agent
2026-08-05 16:54:59 | INFO     | soap.<module>:10 | Initializing SOAP Agent
2026-08-05 16:54:59 | INFO     | apimanager.<module>:7 | Initializing API Manager
2026-08-05 16:54:59 | INFO     | rdms.<module>:10 | Initializing RDMS Agent
2026-08-05 16:54:59 | INFO     | nosql.<module>:10 | Initializing NoSQL Agent
2026-08-05 16:54:59 | INFO     | redis.<module>:10 | Initializing Redis Agent
2026-08-05 16:54:59 | INFO     | databasemanager.<module>:7 | Initializing Database Manager
2026-08-05 16:54:59 | INFO     | code_review.<module>:9 | Initializing Code Reviewer Agent
2026-08-05 17:03:49 | INFO     | rest.<module>:10 | Initializing REST Agent
2026-08-05 17:03:49 | INFO     | rest.<module>:18 | REST Agent initialized successfully
2026-08-05 17:03:49 | INFO     | graphql.<module>:10 | Initializing GraphQL Agent
2026-08-05 17:03:49 | INFO     | grpc.<module>:10 | Initializing gRPC Agent
2026-08-05 17:03:49 | INFO     | soap.<module>:10 | Initializing SOAP Agent
2026-08-05 17:03:49 | INFO     | apimanager.<module>:7 | Initializing API Manager
2026-08-05 17:03:49 | INFO     | rdms.<module>:10 | Initializing RDMS Agent
2026-08-05 17:03:49 | INFO     | nosql.<module>:10 | Initializing NoSQL Agent
2026-08-05 17:03:49 | INFO     | redis.<module>:10 | Initializing Redis Agent
2026-08-05 17:03:49 | INFO     | databasemanager.<module>:7 | Initializing Database Manager
2026-08-05 17:03:49 | INFO     | code_review.<module>:9 | Initializing Code Reviewer Agent
2026-08-05 17:04:20 | INFO     | rest.<module>:10 | Initializing REST Agent
2026-08-05 17:04:20 | INFO     | rest.<module>:18 | REST Agent initialized successfully
2026-08-05 17:04:20 | INFO     | graphql.<module>:10 | Initializing GraphQL Agent
2026-08-05 17:04:20 | INFO     | grpc.<module>:10 | Initializing gRPC Agent
2026-08-05 17:04:20 | INFO     | soap.<module>:10 | Initializing SOAP Agent
2026-08-05 17:04:20 | INFO     | apimanager.<module>:7 | Initializing API Manager
2026-08-05 17:04:20 | INFO     | rdms.<module>:10 | Initializing RDMS Agent
2026-08-05 17:04:20 | INFO     | nosql.<module>:10 | Initializing NoSQL Agent
2026-08-05 17:04:20 | INFO     | redis.<module>:10 | Initializing Redis Agent
2026-08-05 17:04:20 | INFO     | databasemanager.<module>:7 | Initializing Database Manager
2026-08-05 17:04:20 | INFO     | code_review.<module>:9 | Initializing Code Reviewer Agent
2026-08-05 17:06:47 | INFO     | rest.<module>:10 | Initializing REST Agent
2026-08-05 17:06:47 | INFO     | rest.<module>:18 | REST Agent initialized successfully
2026-08-05 17:06:47 | INFO     | graphql.<module>:10 | Initializing GraphQL Agent
2026-08-05 17:06:48 | INFO     | grpc.<module>:10 | Initializing gRPC Agent
2026-08-05 17:06:48 | INFO     | soap.<module>:10 | Initializing SOAP Agent
2026-08-05 17:06:48 | INFO     | apimanager.<module>:7 | Initializing API Manager
2026-08-05 17:06:48 | INFO     | rdms.<module>:10 | Initializing RDMS Agent
2026-08-05 17:06:48 | INFO     | nosql.<module>:10 | Initializing NoSQL Agent
2026-08-05 17:06:48 | INFO     | redis.<module>:10 | Initializing Redis Agent
2026-08-05 17:06:48 | INFO     | databasemanager.<module>:7 | Initializing Database Manager
2026-08-05 17:06:48 | INFO     | code_review.<module>:9 | Initializing Code Reviewer Agent
2026-08-05 17:07:15 | INFO     | rest.<module>:10 | Initializing REST Agent
2026-08-05 17:07:16 | INFO     | rest.<module>:18 | REST Agent initialized successfully
2026-08-05 17:07:16 | INFO     | graphql.<module>:10 | Initializing GraphQL Agent
2026-08-05 17:07:16 | INFO     | grpc.<module>:10 | Initializing gRPC Agent
2026-08-05 17:07:16 | INFO     | soap.<module>:10 | Initializing SOAP Agent
2026-08-05 17:07:16 | INFO     | apimanager.<module>:7 | Initializing API Manager
2026-08-05 17:07:16 | INFO     | rdms.<module>:10 | Initializing RDMS Agent
2026-08-05 17:07:16 | INFO     | nosql.<module>:10 | Initializing NoSQL Agent
2026-08-05 17:07:16 | INFO     | redis.<module>:10 | Initializing Redis Agent
2026-08-05 17:07:16 | INFO     | databasemanager.<module>:7 | Initializing Database Manager
2026-08-05 17:07:16 | INFO     | code_review.<module>:9 | Initializing Code Reviewer Agent
2026-08-05 17:07:21 | INFO     | rest.<module>:10 | Initializing REST Agent
2026-08-05 17:07:21 | INFO     | rest.<module>:18 | REST Agent initialized successfully
2026-08-05 17:07:21 | INFO     | graphql.<module>:10 | Initializing GraphQL Agent
2026-08-05 17:07:21 | INFO     | grpc.<module>:10 | Initializing gRPC Agent
2026-08-05 17:07:21 | INFO     | soap.<module>:10 | Initializing SOAP Agent
2026-08-05 17:07:21 | INFO     | apimanager.<module>:7 | Initializing API Manager
2026-08-05 17:07:21 | INFO     | rdms.<module>:10 | Initializing RDMS Agent
2026-08-05 17:07:21 | INFO     | nosql.<module>:10 | Initializing NoSQL Agent
2026-08-05 17:07:21 | INFO     | redis.<module>:10 | Initializing Redis Agent
2026-08-05 17:07:21 | INFO     | databasemanager.<module>:7 | Initializing Database Manager
2026-08-05 17:07:21 | INFO     | code_review.<module>:9 | Initializing Code Reviewer Agent
2026-08-05 17:09:10 | INFO     | rest.<module>:10 | Initializing REST Agent
2026-08-05 17:09:10 | INFO     | rest.<module>:18 | REST Agent initialized successfully
2026-08-05 17:09:10 | INFO     | graphql.<module>:10 | Initializing GraphQL Agent
2026-08-05 17:09:10 | INFO     | grpc.<module>:10 | Initializing gRPC Agent
2026-08-05 17:09:10 | INFO     | soap.<module>:10 | Initializing SOAP Agent
2026-08-05 17:09:10 | INFO     | apimanager.<module>:7 | Initializing API Manager
2026-08-05 17:09:10 | INFO     | rdms.<module>:10 | Initializing RDMS Agent
2026-08-05 17:09:10 | INFO     | nosql.<module>:10 | Initializing NoSQL Agent
2026-08-05 17:09:10 | INFO     | redis.<module>:10 | Initializing Redis Agent
2026-08-05 17:09:10 | INFO     | databasemanager.<module>:7 | Initializing Database Manager
2026-08-05 17:09:10 | INFO     | code_review.<module>:9 | Initializing Code Reviewer Agent
2026-08-05 17:09:35 | INFO     | rest.<module>:10 | Initializing REST Agent
2026-08-05 17:09:35 | INFO     | rest.<module>:18 | REST Agent initialized successfully
2026-08-05 17:09:35 | INFO     | graphql.<module>:10 | Initializing GraphQL Agent
2026-08-05 17:09:35 | INFO     | grpc.<module>:10 | Initializing gRPC Agent
2026-08-05 17:09:35 | INFO     | soap.<module>:10 | Initializing SOAP Agent
2026-08-05 17:09:35 | INFO     | apimanager.<module>:7 | Initializing API Manager
2026-08-05 17:09:35 | INFO     | rdms.<module>:10 | Initializing RDMS Agent
2026-08-05 17:09:35 | INFO     | nosql.<module>:10 | Initializing NoSQL Agent
2026-08-05 17:09:35 | INFO     | redis.<module>:10 | Initializing Redis Agent
2026-08-05 17:09:35 | INFO     | databasemanager.<module>:7 | Initializing Database Manager
2026-08-05 17:09:35 | INFO     | code_review.<module>:9 | Initializing Code Reviewer Agent
